INFO: Processing Card no. 1 (American Crow)
INFO: Processing Card no. 2 (Downy Woodpecker)
INFO: Processing Card no. 3 (American Goldfinch)
INFO: Processing Card no. 4 (Black-capped Chickadee)
INFO: Processing Card no. 5 (Cedar Waxwing)
INFO: Processing Card no. 6 (Lincoln's Sparrow)
INFO: Processing Card no. 7 (Mountain Bluebird)
INFO: Processing Card no. 8 (Northern Mockingbird)
INFO: Processing Card no. 9 (Rose-breasted Grosbeak)
INFO: Processing Card no. 10 (White-breasted Nuthatch)
INFO: Processing Card no. 11 (Yellow-rumped Warbler)
INFO: Processing Card no. 12 (Eastern Meadowlark)
INFO: Processing Card no. 13 (Northern Cardinal)
INFO: Processing Card no. 14 (Baltimore Oriole)
INFO: Processing Card no. 15 (Western Tanager)
INFO: Processing Card no. 16 (Mallard)
INFO: Processing Card no. 17 (Common Loon)
INFO: Processing Card no. 18 (Common Merganser)
INFO: Processing Card no. 19 (Gadwall)
INFO: Processing Card no. 20 (Northern Pintail)
INFO: Processing Card no. 21 (Redhead)
INFO: Processing Card no. 22 (Ring-necked Duck)
INFO: Processing Card no. 23 (Ruddy Duck)
INFO: Processing Card no. 24 (Trumpeter Swan)
INFO: Processing Card no. 25 (Western Grebe)
INFO: Processing Card no. 26 (Green-winged Teal)
INFO: Processing Card no. 27 (Hooded Merganser)
INFO: Processing Card no. 28 (Wood Duck)
INFO: Processing Card no. 29 (American Avocet)
INFO: Processing Card no. 30 (Dunlin)
INFO: Processing Card no. 31 (Greater Yellowlegs)
INFO: Processing Card no. 32 (Little Blue Heron)
INFO: Processing Card no. 33 (Ruddy Turnstone)
INFO: Processing Card no. 34 (Sandhill Crane)
INFO: Processing Card no. 35 (Spotted Sandpiper)
INFO: Processing Card no. 36 (Wilson's Snipe)
INFO: Processing Card no. 37 (Wood Stork)
INFO: Processing Card no. 38 (Yellow-crowned Night Heron)
INFO: Processing Card no. 39 (Roseate Spoonbill)
INFO: Processing Card no. 40 (Great Blue Heron)
INFO: Processing Card no. 41 (Great Egret)
INFO: Processing Card no. 42 (Eastern Screech-Owl)
INFO: Processing Card no. 43 (American Kestrel)
INFO: Processing Card no. 44 (Great Gray Owl)
INFO: Processing Card no. 45 (Great Horned Owl)
INFO: Processing Card no. 46 (Osprey)
INFO: Processing Card no. 47 (Northern Pygmy-Owl)
INFO: Processing Card no. 48 (Swainson's Hawk)
INFO: Processing Card no. 49 (Burrowing Owl)
INFO: Processing Card no. 50 (Red-tailed Hawk)
INFO: Processing Card no. 51 (Short-eared Owl)
INFO: Processing Card no. 52 (Peregrine Falcon)
INFO: Processing Card no. 53 (Snowy Owl)
INFO: Processing Card no. 54 (Bald Eagle)

QR code for cards batch 1 (cards 1 - 12):
                                                                                                     
                                                                                                     
    █▀▀▀▀▀█  ▄█ ▀▀████  ▄█ ██ ▄█▄  █     ▀▄ ▀▄▀▀ █▄▄█▄▄▄ ▀▀█▄▄▀ █▄ ██ ▀▄▄▀▀ █▄█▄ ▄▄▀▄█ █▄ █▀▀▀▀▀█    
    █ ███ █ █▀█ ▀█▄ ▄▀▀▀█ █ ▀▀  ██ ██▄ ▀▀█▀▀ ▄▀▀▀▀▄▀▄▄▄█▀▀ ▄▀▄ ▄▀ █▄▄ ▀▀█▀▀▀▄▀ ▄█ ▄▀▄▄ ▄▀ █ ███ █    
    █ ▀▀▀ █ ██ ▄▀ ▄ ▀▄▀ ▄█▄▄▀▄ ▀█▀▀▀██ ██▀▄█ ▄▀  ▄▄▀▄▄▄▀  ▀ █▀▀▀█▄█▀ ▄▄▄▀▀▀ █ ▄█▀▄▄▀▀▀▀█  █ ▀▀▀ █    
    ▀▀▀▀▀▀▀ █▄▀ ▀▄█▄▀▄█▄▀▄█▄▀ ▀▄█ ▀ █▄▀ ▀▄█▄▀ ▀ █ ▀▄▀ ▀ █▄▀▄█ ▀ █▄▀▄█ ▀▄█ █▄█▄▀ █ ▀▄█ █ █ ▀▀▀▀▀▀▀    
    ▀▄▀▀█▀▀▄ ▄▀█▄▀▀ ▄▄▄█▄█ ▀▄ ▀▀▀████ ▄▀ ▀▀▄█▀█▀▄▄ ▄▀ ▀█ ▄▄██▀▀▀█ ▄▀▀ ▀▄▀█ ▄ ▀█▀▀▀▄▄ ▄▄▀  █▀█▀▀      
    ▀█▀   ▀ ▀▄ █▄▄█▄▄▀███▄▀▄▄█ ▄▄▀█ ▀█▄▄  ▀ █ █ ▄▀██▀▀██▄ ▄▄▄ ▀▀█▀▀ █▀▀▄▀ ▀▄▀▀ █▄▀▄ ██▀ ▄ ▄▀▀▀██▄    
    ▀▄▄▀█ ▀▄▄ ▄   ▀███▀▄▄▀ ██ ▄█▄████   █▀ █ █▄▀▄▀▀ █ ▀█ █▄▄▄▀ ▀▄  █▀ █  ██▄▀ ▄▀█ ▀  ▄ ▀ ▀▀▄▀▀▄ █    
      █ ▀▄▀ █▀█▄ ▄▀▀ █▄▄▄█▀▀▀     █▄▄▀ ▀▄▀▀█ ▄ ███▀ █▀▀█▄ ▄ ▄▄▀ █ █▀█▀▀ ▄▄██ ▀█▀▀▀ █▄▄▄  ▀▄▄▀ ██▄    
    █  █▄█▀██▀▀█▀▀▀   ██▀█▀▄▀ ▀   █ █▄▄▄█   ▄▄▄▄ █ █▀▄▀▄  █▄▄█▀▀▄ ▀▀▀▀ ▄▀█▄ ▄  █    ▄▄▄▀▀▀ ██▀▄ ▄    
    ▄▀▄ ▀▀▀▄▀█▀▀█    ▄▄▄▀▄█ ▀▄██▄▄█▀██▀█▄▀▀██▀▄▄▄▄▀   ▀▄ ▀▄  █ ▀▀█▀▀ ▄▄█ ▄▄▄▀▀▄▀▀▀█  ▄▄▀▀ ▄▄▀▀█      
    ▄ ████▀▄▄█▄▄ ▀█▀▀  ████▀ █ █  █▄▄█ ▄█ ▀█  █▄▄▄▀▄▀▄ ▀ ▀▄ ▄▀█▀   █▄▀▀▄▄█ ▄▄▀▄█  █ ▀▄ ▀▀ ▄▄▀█▄ ▄    
    ▀▄ ▄▄▀▀ ▀█▄▀█  ▀▀ ███ ▄ ▀▄▀ █▀█  █▄▀▄▀▀▀▄▄▄▄▄▄▀▀▄  ▀█▀▄▀  █ ▀ ▀▀▀▀▄█▄▄▄▄▄█▄▀▄▀▀█▀  ▄█▀▄▄▀█▄█     
    █▀▀▄  ▀▀ ▄█▄ ▀▄▀▀ ▀▄   ▄  ▄ ▀  ▀▄▀ ▀  ▀ ▄ █    ▀█▄▀█ ▀▄ █▀ ▀▀ ▀▀  ▀ ██ ▄█▀▀▀▄ ▄  ▄█    ▄ █▄▄█    
    ▄  ▀▀ ▀▄▄ ▀█▄█▄  ▀▀▀█ ▀▀ ▀▀█▄ ▀  ▄▀▀ ▀▀▀▄ ▄▄▄ ▀   ▀▀▄█ ▀▄▀ ▀▀▀  ▀█ █▄▄▄█▄██ ▄██▄▀ ▀██▄▄█▀▄█▀     
    ▄ ▄██▀▀▀█  ▀▄▄▀█▀ ▀▄▀ █ ▄ ▄▀█▀▀▀█  █ ▄▀   █▄   ██▄▀  █▄ █▀▀▀█  █▀▀▄ ▄▄█ ▀ ▀█▄ █  ▄▄██▀▀▀█ ▄█▄    
    ▀▀ ██ ▀ ███▀ ▀ ███▄      ▀▀▄█ ▀ █▄ ▀█▄▀█▀█▄▀▄ ▀▀  ▀▀ █ ▄█ ▀ █▀▄▀▄███▄▄▄▄▄█▀▄▄▀▀▄▄   █ ▀ █▄██▄    
     ▀▀ ██▀██ ███ █▀ ▀▀▄▄▀▀▄▄█▄▄▀██▀██▄▀▄▄  ▄ ▄▀▄▀ ▀█ ▀▄ ▄█▀▀█▀██ ▄▀ ▀ ▄██▄▄█▀██ ▀█▄ ▄█ █▀█▀█  ▀█    
    ▄█ ▀▀█▀▀ █▄█▄▀█ ▄▀▄▄█▄█ ▄▄█ █▀ ██▀█▄█ █ ▄█▄ ▄▀██ ▀████▄▀▄ █ █▀▄▀ ▀ ▄▄ ▄▄▄▀ ▀▀█▀▄   ▄▄  ▄█▀█▀▄    
     ▀█  █▀ ▀▀ ▀▄█ ▀▀▀ █ ▀█ ██▀ ███▀█▀▀▄█▄ █  █▄▄█▀▄▀ ▀█▄██▀▄▄█▄▀  █  █▄▀█  ▄ ▄▀▀▀█▄▄▄▀▄ █▀  ▀ ▄▄    
     █▀█▄▀▀▀ ▀ █  ▄   ▄▀███  █▄█ ▀▀▀ ▀▀▄▀▀ ▀▄▀▄ ▄█▀▄▀██▄█▀  ▄▄ ▄▀ █▀█▀▀▄▀▄▀█▄▀▄▀▀▀▀█▀▄▀▄▄█▀ █ ▄      
       ▄▄█▀▀ ▄█▄▀ ▀▄ ▄█▄ ▀ ▀█▄▀▀▄▀█ █  ▄▀█▀▀ ▀▄█▄ ▀ ▀█▀  ▀█▀▄█▄█  ▀▀▄▀▀▄▀▄  █▀ █▀    ▄▄▀▄   ▄█▄ ▄    
      ▀█ █▀▄ █ ▀▄▄ ▀▀ ▀▄▀  ██ ▄▄▄▀██    ▀ ▀▀██▄▀▄█▀ ▀▀█▄   ▀▄▄▄▄ ▀▀  ▀▄▄▀▄ ▄█▀▄ ▄█▄▄▄▄▀▄▄█▀ █▀▄      
    ▀▀ █ ▄▀▄▄▄▄▄█ █ ▄▄ ▀ ▀▀█▀▄▄█  ██▄█▄▀▀ ▀█ █▄█ █▀▀█▄ ▀ █▄▀ ▄██▀▀ ▀▀▀█▄ ▄▄▄ ▀ ▀▀ ▀▄▀█ █▄ ▀▀▄ ▄█▄    
    ▄▄█▀█▀▀█  ▄ ▀▀█▀ ▀██▀ ██▀▀▀▄▀███▀▀  ▀▀▀█▄▄▄ █▄▀ ▀  █▀▄█ ▀█▀ ▄▀▀▀▄█▀▄▀▄▀▄▀█▄▀▄▀▄▄▄▄▄█▄▄▀▀▄▄██     
      ▀▀▀▄▀▀██▄ ██  ▄ ▄█▀██▀▀ ▄  ██ ▄▄▀▀█▀ ▄▄██▄▄█ █▀ ▀ ▄ █ █▄ █▀▀▄▀█ █  █  ▀  ▀▄ ▄ ▄█▀█████  ▄ ▀    
    ██▀█▄▄▀██▄  █▀  █▀███▀▀█▀ ▀   █▄▀█▄  ▀ ▄█ ▄▄█ ▀ ▀ ▀ ▄█▄█  ▀ █▀▀▀▄▀█▄▄  ▄▄▀   ▀█▄▀▄▄▀▄ ▀▀▄█▄▀     
    ▄▄ █ ▀▀▀▀▀▀▀▀▄█▄▀█ ▀█ █▀▄▀ █▀ ▀▄▄█  ██▀  ▀█ ▄ ▀█▀▄ █▄██▀▀▄▀▄█  █▄ █  ▄▀▄█ ▀█  █▄ █▄▀▄ ▀▀   ▄▄    
    ▀ ▀ ▄█▀▀█ ▀   ▄▀▄▀▀▀▀▄████▀▀ █▄  █ ▀███▀ ▀▄▄▄█▄▀  ▀▀▄█▄    ▄ ▀▄▀▀▀▄▄ ▄▀▄▄▀ █▄▀▀█▀▄▀▄█  ▀▄▄█ ▄    
     █▄▄█▀▀▀██  ▀██▀▀▀▄█▄▀▀ ▄█▄██▀▀▀██▀▄██▀▄ ▄█  ▄ ▀▀▄ █ ██▀█▀▀▀█▀█▀▀    █  █ ██  ▄▄ █▄██▀▀▀█ █▄█    
    ▀▄▄ █ ▀ █▀▄ ▄█▀█▄▀▄ ▄▀  ▀▀▀██ ▀ █▀▀▄ ▄▀█▄▄▄ ▄█▄▄▀▄▀█▄ ▄▄█ ▀ █▀▄▀▀█▄▄▄▄▀▄██▀ ▄▀▀▄▀▄█▀█ ▀ ███▄▄    
    █   ▀█▀███ ██▀██▀▀█ ▄▀ █▀ ▄▀███▀██▀ ██ █▄ █ ▄ ▀▄▀  ▄▄ ███▀█▀█ ██ ▀▀ ██▀ ▀ ▀█ ▀▀ ▄█▄████▀▀▀▄█▄    
    ▄▄█ ▄ ▀▀▀█▀▄▄▄▀ ▄█▀▀▄▀  ▀▀▄▄▀█▄▀▀ ██▀██ ▀█ ██▀█▄▀▀▀█▄█ ▄ ▀▄ ▀█ ▀▀ ▄▄▄▄▄▄▄█▀▀▄█▀▄█▄  █▄▄▄ █▄      
     █▀   ▀█▀██▀▄▀█▄██ ▄▄ █▀██▀██▀▄█▀▀▀▄▀ ▀▀ ▄ ▀▄   █▀▀█▄▀▄  █▄▄▀▀▀▀▀ █ ▄█▄ █▀▀▀▄ ▀ ▀▄▄█▄▄▄▀▀ ▄▄▄    
    ▄██▄█▀▀ █▀▄▀ ▀█▄▄ ▀ ▀▀▄█▀▄▄▀▀▄▄▀▄▀▄█▀ ▀▀▄ █ ▄▀██▀▀▀▄█ ▄▄▀▀ ▀█▀▀▀▄▀▄▄▀▄█▄▀▀  ▀▀▄▄ ▄▀ █▄ █▀ █▄     
    ▀▀ ▀▄█▀   ██▀▄▄   █ █▀▀█  ▄▄█▀▀ ▄▄  █  ▀▄███ ▄▀▄▀▀ ▀ ██ ▀█▄ ▀▀▄▀▀▀▀▄█▄  ▄▀ ▀▀ █  ▄▄▄▀▄▄▀▀▀▄ ▀    
    ▀█▀▄▄█▀▀▄ ▀▄█▄  ▀█▄  ▄ ▀▄ ▀▄█   ▄ █▄▀▀▀ ▄  ▄████▀▀██▄▀ ▀▀▀ ▀▀▀█▀█▀▀▄▀▄██▀█▀▀▀▀ ▄█▄▄▄█▄██▀ ▄█▄    
    █▀██▄▄▀ ▄▄█▀▀▄▀█ ▀ ▀█ █▄▄█ ▄▄ ▀▀███ ▀▀ █▄▀█ ▄▄  ██   ▀█ ▀█▀ ▀ ▄█▀▀█ ▀▄  ▀ ▄▀█ █▄▀▄█▄▀▀▄▀▀▀▄ █    
    ▄  █▀ ▀ ▄▄▄ ▀█▄ ▄ ▀ ▀  █▄▀▄██▄█   ██▀▀▀▄▄  ▄█ ▀▀▀███▄█▄▀▀▀ ▀ █▀▀▄▀▀▄ ▄  ▀▀▄▀▀▀█▄ ▀▀▄█  ▄ ▀▄      
    ▀▀▄▄▀▀▀▀█▀  ▀▄ ▀▀  ▀▄▀   ██  ▀███▀▄ █  █ ▄█ ▄ ▀▀▀█ █▄█▄▀ █▀ █▀▀██ ▀▄██▄ █▀█▀ ▀▄▄▀█▄▄▄▀ ▀▀▀▄▀▄    
    ▄▀▄▄  ▀▄ ▀ ▄█▀  ▀█▀ ▀█▀█▀█  █▄▀▀█▄  █▀▀▀▄ █▄▄█ ▀ ▄█▀▄ █ ▀▀▀▀█▀▀█ █▄▀▄ ▄ █ ▀▀▄▀██▀▀ ▄█▄   ▄▄▀▄    
    █▀▄███▀████▄█▀ ▀▀▄█▀▄ ▀█  █ ▄▄█   ▄▀ ▀▀  ▄█ ▄▀▀ ██▀▀▄▀▄▄█ ▀    █▀ █  █▄ ▄ ██  █▄██▀▄▄▀▄█ ▄▄ ▄    
    ▄▄ ▄█▄▀██  ▀▄▀▄ ▄ ▄██▀  ▄▄▀█▀▀ █▄█ ▀ █▀█▄  ▄▄█▀ ▀█▀▄▄█▄▄▀▀ ▀ █▀ ▄▀ █▄▄▄█▄██▀▄█▄▄▀ ▀ █  ▄▄▀██▄    
     ▀▀   ▀▀█▄▄▄▄▀▀█▀▄  █▀█▄▄▀ ▀█▀▀▀█▄▀▀█  ▄▄▀█  ▀▀██   ▄▀▄ █▀▀▀█ ▄█ ▀ ▄██ ▄▄▀███▀▀ ▀██▄█▀▀▀█▄ ▀█    
    █▀▀▀▀▀█ ▄▄█▄ █▀ █▀██▄▄  ▀ ▀▄█ ▀ █▄█▄▀▄▀▀▄▀▄▄▄▀█ ▀ ▀█▄▄▄▀█ ▀ █▀▄▀█▀ ▀█▄▄▄▄██▀  ▄▄█ ▀▀█ ▀ █▄▄▀▄    
    █ ███ █ █▀▄█▄▀ ▄ ▄▄▄▄▀▀ ▀ ▀▄█▀█▀█▀▀███ ▀▄ ██  ▀█▀▄ █ ██ ███▀▀▀▄█▀    ▄▄ █▀▀█▄ █ ▀▄▀▄▀█▀▀█ ▄      
    █ ▀▀▀ █ ▀ ▀▄█▀▄▄█▄▄▄ ▀▄█▀▄▀▄▀▀▄▀▄   ▀▄▀▀▄█▄▄▄▄▀█▀ ▀█▄ ▄  ▄ ▄▀▀▄▀ █▄▄▄ ▄▄▄▀ ▀▀▀▀▄   ▀▀▄▀▀  █      
    ▀▀▀▀▀▀▀ ▀▀▀▀  ▀▀▀  ▀▀ ▀      ▀▀▀   ▀▀▀▀▀ ▀   ▀  ▀▀      ▀ ▀  ▀▀▀  ▀ ▀▀  ▀  ▀▀ ▀ ▀ ▀ ▀  ▀ ▀ ▀     
                                                                                                     
                                                                                                     
QR code for cards batch 2 (cards 13 - 24):
                                                                                                 
                                                                                                 
    █▀▀▀▀▀█  ▀███▀  ▀▄▀█▄██▄▀ ▀ ▄█ ▄▄▄▀▄ ▄▄██▄▀▀▀█▄▄█▀▄  ▀▀▀█▀  █▄█▀▀▄█ █▀█ ▀▄ ▄▀▄▀█▀ █▀▀▀▀▀█    
    █ ███ █ █▄▄▀ ▄ ██▀ ▄█▀ █▀ ▄█▄▀▀█▀█▄▄██▄▄▀█▀▀▀▀  ▄▄▄ ▀▄█▀▄█▀▀ ▄▄▄██▄▀ █▀▀█▀ ▄▀ ▄ ▄ █ ███ █    
    █ ▀▀▀ █ █ ▄▄▄▄▄█  ▀█████▀  ██▀▀▀█▄██▄▀▄██▄▀  ▀▄ █▀▄▀█ █▀▀▀█▄█▄█ ▀▄█ ▄▀▄ █ ▄██▄ █  █ ▀▀▀ █    
    ▀▀▀▀▀▀▀ █ █ ▀ ▀ █ ▀▄█ █▄█ █▄█ ▀ █ ▀ █▄▀ █ █▄█▄▀ ▀▄▀ █ █ ▀ █▄█ ▀▄▀▄▀▄█▄▀▄█▄▀ █ ▀ █ ▀▀▀▀▀▀▀    
    █▄█▀█▀▀ ▄▀█ █▀█▀▀▀   ▄   ▀▄▄▀█▀▀▀ ▀█▀█ ▀▄▀█  █▀▀██ ▀  ██▀█▀ █▀ █▀▀▄ ▀▄ ▄   ▀█ ▀▀▄▄▀▀█▀█ ▄    
    ▀▄█▀██▀▄▀ ▀█ ▀ ▄█ █▀ ▀▄██▀▀▄█▄▄█ █ █▀█▀█ ▀▄▄▄▄▀ ▀ ▀█   ▄▀▄▄▄ ▀█ █▀▄▄█▄▄█▀▀  ▀▀▄ ▄▄▄ ▄▀       
    ▄▄▄▄▄▀▀▀▄█▀▀▀▀ █▄▀ ▀▀▀█▀▄ ▀▄▄ ▄█▀▄▄ ▀   ▄▀▄  ▄ ▄█▄▀▀   ▄▀▄     ██ ▀ ▀▄▀▄▄ ▀▀ ▀█▀▄ ███▀▀█▄    
     ▄ ██ ▀█  ▀▀█▄ ▀▄ ▀▄▀█ ▀▄▄▀███▄▀ █  █▄▀ ▄▀▄  ▄▀  ▀▀▀██▄▄  ▀▄▀▀▄▀▀▀ ▄ ▄▄▄▀█  ▀▀▄ ▄█▄▄▄▀ █     
    ▀▄█▄  ▀█  ▄    █▀ ▀ ▀ █▄█▀▀▄█▄ ▄▄▄▀▄█  ▀ █▄█▄█▀ █  ▀▄  ▄▀█▄▄   ▀▀ █▄▄█▀  ▀▀▀█▀ ▀ █ ▀▀▀▀ ▄    
    ▀ █▀ ▄▀  ▀█▄▄  █▀█▀▀▀█▄ ▄█▄ █▄▀▀▄██▄  ▀▀▄ ▄ █▄▀▀█▀▀▀▄▀▄▄▀▄▄▄▀█ ▀▀▄▄█▄▄▄█▀▀▀▀▀█▄ ▄▄▄▄▄        
     ██▄█▄▀██▄ ▀ ▀  ▄   █▀▄▄█▄▀▄▀█▄█▀ ▄▄▀  █ █▄▄▄▄▀▄██▀▀▄ █▄▀█▀▄ ▀▀▀ ▀   ▄█   ██▀▀▄▀▄█ ▄██▀█▄    
    █ ▀██ ▀  █▀▄ ▄▄ █ ▀▄█ ▀▄▀█▀█ █▀▀  █▄▀▀█▀▄ ▄██▄▀   ▀ ▄▀█  ▄▄▄▄█▀▀▀█▄▄ ▀▀██▀▄ ▀▀█▄▄▀▄▀▄ ▀█▄    
    ▄█▀▀  ▀▀ ▄ ███▄ █▄▀▀ █▄▄ ▀▄ █ ▄   █▄▀█▀▀  ▄█▄█▀██  ▀▄ █▄▀█▄▄█▀▀█▀ ▀  █▀▄▀ ▄█▀ ▀▀█▀█▀▄▀▀▄█    
    ▄▀▄▀▀▀▀█ ▀██▀ ▀█ ▄██ █▄  █▄ ▀▄ ▀▀ ▀▄▀  ▀▄ ▄██ █ ▄█▀▀▄██ ▀▄▄█▄█▀▀▄██▄▀▄▀█▀▀█ ▄█▀  ▄ ▀▄▀▀      
    ▀ █▀█▀▀▀█ █▄█▀█ ▄▄▀▀▄ ▀▀ ▀ ▄█▀▀▀█ █ █  ▀▄▄▄█ █ █▀  █▄██▀▀▀█▄▄▀▄█  █ ▀█ ▄   ▀▀▀▄▄█▀▀▀█▀▀█▄    
    ▄ ▀▀█ ▀ █  ▀▀█▄▀█▀█▀█▀▀  ▀  █ ▀ ███▄▀▀▀ ▄█ ▀▄███▀▀▀▄  █ ▀ █▄▄ ▀▀▄▄▄▄▄███▄▀▄▀▀▀█▄█ ▀ █▀▀ ▄    
    ▄▄██▀█▀███ █ ▀█▄▄█▄█ ▀▀ ▀▄▄ ██▀█▀▄▀ █ ▀▀  ▄█ █▀▄▀   ▄▀▀▀▀▀▀▄█  █ ▀▄ ██▄▄▄  █ ▀▀▀█▀▀█▀███▄    
    █ ▄▄▄█▀▄ ██▄▄ ▀▀██▀▄█▄█▄▀█▄▄▀█▄▄█ ██▀█▀█▄ ▄▀▄▄▀▄▀█▀██ █▀▀▀▀█▄▀▀▀ ▀▄█  ▀▄▀▀▄▀▄▀▄ ▀▄ █▀▀▀█▄    
    ▄▄█ █ ▀█▄▄▀ ▀ █▄  ▀▄   ▄██▀▄█▀▀▀█ ▀▄█  ▄▄█▄█ ▀  █  █▄▀▀  █▀▄▄▀█▀  █▄▄██ █  █ ▀███▄▀▄▀▀▀▀▄    
    ▄ █   ▀▀▄█ ▀█ ▄ █▀█▀▀ ▀▀██▀▀███▄▀█▀▄ ▀▀▀▄  █▄█ ▄▀▀█ █ ▀▀ ▀▀▄▄ ▀▀ ▀▀█▄ ▀▄▄▀▄▀▄▀▄▀▀█ █▀█ █▄    
    █▀█▄█▄▀▄ ▀█ ▀ ▀▄▄ ▄ ▄▀██▀█▄▀▀  ▄ █▄▄▀ ▀▀ ▀█▄▄▀ ▄█ ▀▄ ▄▀ ▀█▀ █▀ ▀▄▀█ ▄▄█ █ ▄▀  █  ▄▀▄███▀▄    
    ▀▀█ ▄▄▀████▄▄    ██▀▀▄▀▄ ▄▀█▄▄ ▀ ▀▀ ██▀█▄▀▄▄▄▀ ▄▀▀▀ ▄█▀▀▄▀█▄ █  █▀▄█▄ ▀▄▄▀▄▀▀▀▀ ▀█ ▄ ▄ █▄    
    ██ ▀ ▀▀▄▄ ▀█▀▄ ▄ ▀█▄▀ ▄██ ▀▀▀▀  ▀ ▄█▀  ▄ ▀█ ▄   █▀▀▄▄▀█▀ █  ▄▀ ▀█▀█ ▀▄▀ █▀ █▀▀▄██▄▀▄█▀▀▀▄    
    ▄██  ▄▀▀▀▀▀ ▄▀▀   █ ▀▀▀▀██ ▄▀▀█▄ █▄▄ ▀▀▀█▀ ▄█▄█▄▀█▀█▄▄▀▀▄▀█▄██▄▄▄▀▄  ▄ ▄█▀▀▀ ▀▀█ █ ▄▀  ▀     
    ▀▀  ▄ ▀▄▄▄██▄█▀▄ ▀██ ▀▄▄██▀▄█▀▀█▀▀▄██▀  ▄▀█  ▀  █▄   ▄▀▀▀▀ ▄▀▀▀█  ▀ ▀▄  ▀ ██ ▀  ▄▄▀ █▀▀▀▄    
    ▄█ ▄█▀▀  ▀  ▀██   █▀▀  ▄▄██▀ █ ▀ ▀█ █▀▀█ █▄█▄█  ▀ ▀▄▄█▀▀▀▀▄██▀ ▄▄▀▀█▀▄▄▄▀▀█▀▀█▀█▀▄▀█▀▄▀▀▄    
    ▄▄▀▄▀ ▀▀▀▀▀█▄██▀▀▄ ▀▀▀▀▄▄██▄█▀ ▀▄█ █▀▀ ▀  █ ▄▀ ▀▀█ ▄ ▀█▀ ▄ ▄▀ ██ ▀ ▄▀▄ ▄▄  █▀ ███▄█▄█ ▀ ▄    
    ▄▀▀██▀▀▀█▀▀ ▄▀▄▄▄ ▄█  █  █ ▄█▀▀▀█ ▄  ▀▀█▀▀▄▄▄█▀ ▀ ███▄█▀▀▀██▀▀█▀▄▀▀▄▀ ▀▄█▀ ▀█▀▀▄█▀▀▀█▄ █     
    ▀▀▀ █ ▀ █▄█▄▄▀    ▄▀▄█ ██▄▀▀█ ▀ █▄▄▀▀█ ▀  █ ▄█ ▄▀█▀  ▄█ ▀ █▄█ ▄▀█ ▀ ▀▄▀▄▀▀▄▀▀▀▀▀█ ▀ █ ▀▀▄    
      █ ▀▀▀▀█▄▀██▀ ▀ █▄█▀ █▄█ ███▀▀▀█ █▀▄ ▀▀█▀▄▄▄▄▀▄▀▄▀▀█▄▀█▀█▀▄█▀▀  ▀▀█▄ ▀█▀▀▀█▄█▀▄█▀▀▀█▄▀█     
    ▀▀  ▀▀▀█  ▄ ▄ █▄  ██▀▄▀▄ ▀█ █▄█ █▄ ▀█▄▀█▄▀▄▄ ▄ ██▄ █▄▀▄▄▄▀█ ▄ ▀█▄ ▀▄▀▄▄▄▀  █  ▄▀▄▄▄ ▄ ▀█▄    
    ██  ▄█▀▀ ██▄ ▄▀███▀ ▄ ▄ ▀▄    ██▄▀▀   ▀▀▄█▄▄█▄▀█ ▄▀██ ▄█▄▄▀▄▀▀▀▀▄▀▄▄▄▀▀▀▀▀ █ ▀█▄█ ▀▄█   ▄    
    ▀█▄ ▄▄▀▄ ▀█▀▄▄▀▄█▄▀ ▀▀█▀█▄▄█▄ ▄▄▀▀█ ▀  ▀▄█▄  █ ▀██ █▄ █ ▄▄▀ █▀ ▀█▀█▄▀▄▄ █  █▀  ▄▀▄▄▄▄▀▀█▄    
    ██▄▄▄▀▀█▀██▄█▄    ▀ ▀▀▄ ▄ ▄▄▀▄▀▄  █▀  ▀▀▄ ▀▄▄▄▀▀▀ ▀▀▄▄▀██▄ █ █▄▀▀█▄▄ █▀█▀█▀ ▀▀█▄ █ ▄   ▄▄    
    █ ▄▄ ▄▀▄▀▄▀█ █▄ ██  ▄▄█  █  ▄ ▀█▀██ ▀▄ █▄▀▄ ▄▄ ██▀ █▄ ▀▄▄▄▄ ▀  ▀▀ ▄▄██ ▄ ▀██▄  ▄▀█▄ ▄▀▀█▄    
    ▀▄ ▀▄ ▀▄▄▄ ▀▀ ▄  ▀▀█▄▀▀▄▄ ██ ▀█▀▄▄▄█ ▄▀▀▄  ▀▄ ▀▀▀▀▀▀▄▄▀█▀▄ ▄▀▄█▀▀█▄█ ▄▄▀▀█ ▀▀▀ ▄ ▄█▄█ ▀ ▄    
     ▄ ▄▀▀▀▄ █▄▀▀  ▄▀█▄▄▄███   ▄ ▀▄█▄▀▀▄▀▀▀▀▄▀▄▀▄ ▀ ██ █ █▀▄▀▄▄▄█▀██ ▀▄ ▄▄  █▀▄█  █▄▀▄▄▀▄▀▀█▄    
    ▄▄█ ▄█▀▄▄▄▀▄▄ ██    ▀▄▀  ▀▄▀ ▀▀▀█▀ ▄▀▀▀ ▄ ▄▀██ ▀▀▀█ ▄▄▀ ▄█▀ ██ ▀▄▀█▄ ▄▄█▀ ▀▀▀▀▀ ▀▄█▀█  ▀▄    
    █ █ ▀█▀█ █▀▀▀▄ ▀▄ █▄ █▀▀▄█▄▄██▄▀▄█ ▄▀█▀█ ▄█▀▄▄▀██▀ █▄▀█▄█▄  ▄▀██  █  ██▄█▀ █ ▀ ▄▀█▄▄▄█▀▄█    
    █▄ ▀▄▄▀█▀▄▄██ ▀ █ ▄▀▀██▀█▄█▄▀ ██ ▄ ▄▀ ▀▀▄██▀█▄█▄▀█▀█▄ ▀▄▀█ █▄▀ ▀ ██▄▀▄ ▄▀▀▀█▄▀█  ▄█▄█  ▄▄    
    ▀  ▀  ▀▀█ ██ ▄█▄  ▄▀▄█ ▄▄▄▀██▀▀▀█▄▄▄▀▀▀█ ▄█▀ ▄ ▄▀▀▀▄ ██▀▀▀█ ▄▀▄█▄▀▄  █▀ ▄ ▄▀▀ █ █▀▀▀██▀█     
    █▀▀▀▀▀█ ▄█▀▄ █ █▄▄▄  ▄▄ █▀█▀█ ▀ █ ▄█▀▀▀▀▄ ▄█▄█ ▄▀▀▀▀▄ █ ▀ █ █▀▀▀ █▄▄▄ ▀█▄▀▄ ▀▀▀██ ▀ █  ▄     
    █ ███ █ █ ▀█▀███▀ ▀▄██ █▄████▀█▀▀██▄▀▀ █  █▀ ▄ ▄█ ▀▀ ▄█▀█▀▀ ▄ ██▄▀  ██▀▄▄ ▄█▀ ▀▄█▀▀▀▀▀▀█     
    █ ▀▀▀ █ ▀ ▀██ █▀▀ ▀█▀▀ █   █ ▀▄ ▀█▄▄▀▀▀▀▄▀▄█▄ ▀▄▀█▀▄▄█▀▀▄▀██▄▀▄▀▀▀██▄ ▀▄▄▀▄▀ ▀ ▄▄▀▀▀▀▀ █     
    ▀▀▀▀▀▀▀ ▀  ▀ ▀ ▀▀ ▀▀▀  ▀▀▀▀▀   ▀▀▀  ▀    ▀▀▀ ▀  ▀▀▀▀ ▀ ▀ ▀▀ ▀▀ ▀ ▀▀ ▀ ▀ ▀▀ ▀        ▀▀▀      
                                                                                                 
                                                                                                 
QR code for cards batch 3 (cards 25 - 36):
                                                                                                     
                                                                                                     
    █▀▀▀▀▀█  ▀ ▄  ▄▀▀█▀▀█▄▀▄▄▀   █▀█ ▄  ▀ ▄▀██▀█ ▀▄ █▄▄▄▄▄█▀ ▄▄ ▄▄ ▄ ▀▀█▀▀▄▀█▄██ ▄█▀▄▀ █▄ █▀▀▀▀▀█    
    █ ███ █ ██▀▀▄█▄▄ ▄▄▀▀ █▀ ▄  ▄▄▀ ▄█▀█ █▄▀ ▄▀▀▀▄ ▄▄▄ ▀▀▀ █ ▄██  █▄█▄▀▀ ▀▀ ▄██▄█▀ ▀▄█ ▄▀ █ ███ █    
    █ ▀▀▀ █ █  █▀▀▀  █▀▀▄▄▀▀ ██ █▀▀▀████▀ ▄█ ▀▀▀▀▀▄▀▄▄▄▄▀ ▀ █▀▀▀█▄ █▄▄█ █▀▀ █▄ ▄▄▄█▀▀▀▀█  █ ▀▀▀ █    
    ▀▀▀▀▀▀▀ █▄▀ ▀ █ ▀▄▀▄▀▄▀▄▀ █ █ ▀ █▄█ █ ▀▄▀ █▄█▄▀▄▀▄▀▄█ █ █ ▀ █ █ ▀ ▀▄▀ █▄▀▄▀ █ █ █▄█ ▀ ▀▀▀▀▀▀▀    
    █ ███▀▀▄ ▀█▄█ ▀▀ ▄█ ▀ ▄▀█ ▄ ▀▀█▀██  ▄▄ ▄█▀█▄▄▄▀ █▀ █▄▄█▀█▀▀▀▀▀▄█  █▄▀▄█▄  ▀▀▄▀██▄█▄▀▀ ▀▀▀▀█ ▄    
    █▄▄██▄▀▄▀█▄▄▄██▀▀▄ █ ▀█▄▀█▀ ▄▄█ ▀▀▀ █▄█▄███▄▄▄█ █▀▀▄█ ▄█ ▀▀ █▀▄ █▀▀ █▄ ▄▄▀▀ ▀▀▄█▀█▄ █▀▄▀▀ █▄▄    
    ▀█▄ ▀▄▀▀██▀▀▀  ▄▀  █▄▄▀ █ ▀▄▄██▄█ ▄  ▀▀▄ ██ ▄█▀█▀  ▀  █▀ ▀ ▀▄▀██▀▀   ▄▄ ▄ ▀█▀ █  ▄        ▄▀█    
    ▄▀▀▄█▀▀     ▀▄▄█  ▀██▀ ▀▀    ▄▀ ▄▄  ▀ ▀▀▄▀▄▄▄▄▀▄ ▀▀▄ ▀▄▀ ▀▀ █▀▄█▀▀▀██▄▀▄▀▀▀▀▀ ▄ ▄▄▄██ ▄█ ▄█▄     
    ▀█ ▄▀█▀▀▀ ▄ ▀█▀▀█ ▄ ▄▄ ▀██ ▄█▄▀▀▀ ██▄▄▀█▄▄▄▄ ▀  █ ▀▄███ ▄▀▀▄▄ ▄█▀▀▀ ▄█▄▄▄▀▄▀█ ▀▄▀▄▄▀█▄ ▄▄  ▄█    
    ▀███  ▀██▄▀█▀▄▄██▄█ ▄▄▄  ▀▀█▄▀█▄▀▀▀█▀▄█▀█▄  ▄▀▀ ▀█▀ █ ▄█▄█▀█ ▀▄▀ ▀▀▄▄█▄▄▄█ ▀▀█▄█▄▄▄  ▀▄▄▀▀█      
    █▀██▀█▀▀▀█▄▄█▀ ▀▄▄▀▄  ▀█▄▀▀▀▄ █ ▄  █▄ ▀▀▄ ▄   ▀ ██▀▄  ███▀█▀▀ █▀█▀  ██ ▄█▀██▀▀▄▄ █▀▀▀▄▄▄▀▀  ▄    
    ▄ ██ ▀▀▄▀ ▀▄▄██▀ ██▀▀█ ▄  ▄▄ ▀ ▀   ▄  ▀▀▄ ▄█▄ █▀▀ ▄▄█▀▄ ▄▀▄▀▀▀█▄█▄▄▄█▄▄██▀ █▀▀▄▄ ▄▀▀▀▄▄▀▄▀█▀     
     █▄▀█▀▀▄ ▄  ▄▀▀▀▀▄ ▀ ██▀▄▀█▀█▀▄ █▀▀  █▀█ ██▄ ▀█ ▀ ▀ ▄ █▄███▀  ██ ▀█▄██▄▄█ ▀█▀ █▄██ ▀  ▄▀█▀▄ █    
    ▀ █▄  ▀▄▄▄█▀ ▄█ ▄   █ ▄▄█▄▄▄▄▀▄█▄███  █▀▄█▄ █▀ ▀▀███▄▀ ▄▄ ▄█▄▀█ ▄▀▀ ▄▄▄ ▀▀ ▀▀▄ ▀▄▀▀ █▀▄▄▀ ▄█     
    ▄██ █▀▀▀██▄▄█▄  ▄█▀█▄▀█▄██▄██▀▀▀█    ▀ █  █▀▄  █▀▄▀  ▀█ █▀▀▀█ ▀▀▄▀█▄█▄ ▄   █▀ ▄  ▄█▀█▀▀▀█▀▄ █    
    █▄ ▄█ ▀ ██▀▄▀▀ ▀ █▄▀ ▀▄▄▀▄▄██ ▀ █  █▄▀▀█    ▄▄▀██ ▀█ █▄██ ▀ █▀▀ █▀▀   ▄▄▀█▄▀▄█▄█ ▄▀ █ ▀ █ ▄█     
    ▀▀ ▄▀▀▀▀▀▄█ █▀▄█ ▄▄▀██▄█ █  █▀▀▀██▀ █ ▀ ▄█▄█▄█ ▄██ ▀  █ ▀█▀█▀▀▄█▄▀▀ ▀█▄ ▄█▀▀ ▀▄▄ ▄  ████▀█ ▀     
    ▀▀▄▄▄▄▀ █▀██  █▀▄▀▄▄ ▀▄ ▄▀█▀▄ ▀█ ▀ ▄██▀██ █ ▄█▀ ▀ ▀▀█▀▄ ▄▄  ▄██▀▄▀██▀█ ▄▄▄▀▀▄▀█▄▄ ▀█▄ ▀ ▄▄ ▀▄    
    █ ▀█▄█▀██ ▄██▄▄▄█▄▀ ▄▀▀ █▀ ▀▀▀▄█ ▄ ▄█  ▀▄▄█▄▄▀  ▀█▀▀▄▀█▀▄▄▄█ ▀▀█   ▄▀█▄ ▄ ▄▀▄ ▄ ██ ██ ▀█  █▄     
     ██  ▄▀▀█ ▄▀█ ▀▄▀ ▀██ █▀ █▀▀▄▄▀█▀█▀ █▀▀ █ ▄█████  ▀▀▄█ ▀█ █▄▀█  ▀██▄▀▄▄▀▀▀▄ ▀▀█▄▄█▀▄▄█ ▀▄ ▄▄     
    █▀███ ▀▀█▄▀  ▄▀██  ▀ █ ▀  █▄▄███   ▀ ▀    ██▄█ ▀█▀ █ ▄▄▀ █▀█▀█▀▀  ▀ ▀███▀  ▀▀▀▀▄▀█▀█▄▀▀▀ ▀▄      
    ▄▄█ ▄ ▀█ ██ ▀ ██▄ ▄ █ █▄█▄██▄▄▄  ▀ █ █▀█▄▀▄▀▄▄▀▀█▀ ▀▄ ▄ █▄▀▄  ▀ ▀▀█▄▀▄█▀▀▀▄▀██▄▄ ▄▀ ▄  █▄▄▄█▄    
    █▀▄▄█▀▀ ▄ ▄▄▀▀▀█▄███▀█▀█ ▄█▀▀  ▄▀ ▀▄▀▀ ▄▄ ▄▀  ▀▄█  ▀ █▄▀ █▀█▄▀ █▄▀▀ ▄▄▄▄▄▀▄█▄ ▀ ▄▄ ▄█▀█ ▄▄ █▄    
    ██▄▄█▄▀▀▀█ ██▀▄▄▀▀  █▄█▀▄ ▀   █ ▀▄▀▄▀ ▀▄██▄▀ █▀▄  ▀█▄█▄▀▄▄█▄▄█▀▀▀▀▄▄▀ ▄█▀▀▄▀▄▀▀▄█▄ ██▀ █▄▄▄ ▄    
    ▄▄▄▀█ ▀▀▄████▄▄     █▄▀▄█ █▀█ █  ▄▀ █▀ █  █▀█▄ ▄▀     █▀▄▄▀▄▄▀▄▀▀   ▀█▀▄▀▀▄██ ▀ ██  ██▀▀▄▄ ▄▄    
    ▄▀ ▄▀█▀█ ▄▄ ▄█▄▄█▀▀█▄▄▀ ▀ █▀█▄▄▀ ▄█▄▀█  ▄█▄█▀▄▀▄▀▀▀▀▄▄▄  ▄ ▄█ ▀▀▀▀██▀▄▀█▄█▀▀▄ ▀▄▄▄▀▀▄▀▀ ██▄      
     ▄▀▄  ▀▀▀█▄ ▀ ▄▄▄█▀▀██▄ █████▄▄ ▀█▄ ▀█▀█▄█▄▀   ▄▀█ █ █▄▀ █▄▄▄▀ ▀▀ █  ▄  █▀▄█▀ █ ▀▄▄▀█▀▀ ▄ ▄▄▄    
    ▄▀▀▀▀▄▀▄█ ▄  ▀▀▄███▄▀▄▄█▀▄▄█▀▀▀██▄█▄▀███▄ █ ▄▄█▄▀▀▀▀▄▄  ▀▀▄▄█▀▄█▄▀▄ ▀▄▀  ▀ ▄▄▀▀ ▄▄▀▄█▀  ▄ ▄      
    █▄▀▄█▀▀▀█▄▄▄   ▀▄  ▀▄ █▀█████▀▀▀██ ▄██    ▄▀ ▄  █  █ ▄ ▀█▀▀▀█▀▄▀█ ▀ ▀██ █▀▀█ ▀▀▄██ ██▀▀▀█▀▄ ▄    
      █ █ ▀ █ █▀█ ▄▄ █▀▄█▀ ▀▄▀▀▀█ ▀ █   ▀▀▀▄▄▄ ▄▄ ▀ █▀▀█  █▄█ ▀ █▀▄▀▀▄▀▄▄▄▀███▀▀▄█▀▄▀▄▄▀█ ▀ █ █      
     ▀ ██▀▀██▄▄ ▄  █▀ ▀  ▀▀   █▄█▀██▀ ▄▀▀  █▄▄▄▄▄▄▀█▀   ▄ ███▀█▀▀▀█▀ ▀▀▄ █▀   ▄██ ▀ ▄▄  ▀█▀█▀▄ ▀▄    
     ▀█▄▀▄▀▀▀▀███▀█ █▄█▄ ▄▀ ▄ █▄▄█▄▄█▄█▄▀▄█ ▀▄ ▄▄ ▀▄ ▀▀███ ▄▄▀▄▀█▀▄▀▀ ▄▄▀  ▄ ▄ ▀▄ █ ▀ ▄█▀▄▄█  ▄▄     
    ▄██▄▄█▀ ▀██▄▄▄▀  █ ▀▀ █▀ █ █▄▀██▄▀█▄▀▄▀▀ ▄  ▄ ▀▄█  ▀▄▄▄▄█▀  ▀▀██  ▀  ▄▀▄  ▀█▀▀  ▀ ▀█▄▄▄▀    ▄    
    ▄▀██▄▀▀ ▄▄▀ ▄▀ ▄ ▄▀█▀▄▀█ ▄▀▀▄▄▄▄█   ▀▄█▀▄ █▄▄█ ▄ █▀ █▄▄ ▀▀▄▀█ ▀▀▄▀▀▄ ▄ █▄█▀▀▀▀▄▄▀█▀ █ ██▄▄█▀▄    
     ▄ ▀▄▄▀▀██▄ ▄▄▄█   ▀▄▄▀▀▄▀▀▄█▀▀▄ ▀▀▀█ ▀  ▄▄  ▄  ▀▀▀█▄ █  █     ▀▀ █  █▄▄█ ▀▀  ▄ ▄▄▄▄▄▄▄█▀▄▀██    
    ▄▄█▄█▀▀█▄█▄█████▄█▄▄█▄█▀▀▀ ▀▀▀   █▀▄▀▄▀█▀▄▄▄▄▄██▀▀▀▀ ▀▄▄▀▀ ▀█▀▄█▄▀▀▄▄ ██▀▀▀ ▀█ ▄▀▄▄ █▀ █▄▄▄ ▄    
    ██ ██▄▀   ██▄██▀▀▄██▀██ ██▀ ▄▄█▀▄█▄ █  ▀ ██    ▄█ ▀▀ ▀▄▄ █▀ █▀▄ ▄▀▀ ▄ ▀▄   █▄▀▄▄█▄▄▄▄ ▄▀▀   ▄    
    ██▄  ▄▀█▀▄▀█▀██▀ ███▀▄▄▀  ▀  ▀ ▄█▀▀ ▀ ▀▀█ ▄ ▄▄▀ ▀▀▀█▄▀  ▀▀ ▀ ▀▄ ▄▀▀▄██▀▀██ ▀▀██▄█▄▄ ██  ██▄ ▄    
     ▄ ▄▀█▀▄  ▀█▀ █▄██▄ ▄▀█▀  ▄   ▀▀▀█▀▄▀  █▄ █▀▄▄▀▀▀ ▀  ▀█▄▄█▀▀█▀ ▀▄▀█ ▄█▄ ▄▀▀▀  ▄ ▀███▀▀▄▀▀ █▀▀    
    ▄▄▀▀█▄▀█▀▄▄▀▀▀▄▄▀  ▄▄▀█▄█  ▀▄▀▀▄█▀▄▀▄▀▀▀▄▀▄▄▄█▀▄▀▀▀▀▀▀▄▄▀▀█▀█▀▀  ▀▀█▄▄▄█ ▀ █▄█▄▄▄ ▀▄█ ▀ ▀ █▀     
    █ ▀█▄▀▀███▄█▀▀▀▄ ▀▀█▀█    ██  █  █▀▀ █ ▀▄▄▄  ▄  ▀▀ ▄  ▄▄ █▄  ▀ █  ▀ ██      ▄ ▀▄▄██▄▄█ █▀▀▄ █    
    ▄▄ ▄█▄▀█▄  ▀▄ ▀██▀ ▀ ██▄▀ ▀▄███  ▄▀▀▄▀▀ ▄ ▄▄▄▄ ▄██▀█▄▀▄  ▀  ▀█▀▀▄▀▀▄▀▄▄▄▄▀▀ ▀█▄█  ▀ ██▀  ▀▄█▄    
     ▀▀   ▀▀▄▀▄█▀█▄█▄▀  ▄▄█   ▄ █▀▀▀██ ▄█  ▀ ▄██  ▀▀█▀ ▄▄ █▀█▀▀▀█  █▀▀▀▄▀▄▄▄▄▀▀█  ▀  ▄█ █▀▀▀█▀▄▀▄    
    █▀▀▀▀▀█ ▄▄▀█▀▄▀▀▄  █ █▄ █▀▀ █ ▀ █▄▄▄ ▀▀▀▄ ▄  ▄█ ▄▄██▄█▄▄█ ▀ █▀▀███▀▄  ▄▄▄▀▄▀█▀ ▄█ ▀██ ▀ █▀▄▀▄    
    █ ███ █ ████▄   ▀▄█   ▄█▄▀ ██▀██▀▄█▄▀ ▀█ █▄█▄▀ ▀ ▄▀▀ ▀▄█▀██▀█  █  ▀ ▄▄ ▄█ ▄█▀ █ ██▄▄██▀▀█▀▄      
    █ ▀▀▀ █ ▀▄█  ▀ ███▄▄█▀▀█▄█▄███▄ ▄▄▀▄▀█▀▄▄▄  █▀▄▀ ▄█ ▄▀▄▄ ▄▀▄▄▀▀█▄ █▄▀▄▄▄▄ ▄▀▄▀▀▄█▄▀▀▀ ▀▀ ▀█      
    ▀▀▀▀▀▀▀ ▀▀ ▀▀   ▀▀      ▀▀  ▀▀ ▀▀▀  ▀▀▀    ▀ ▀▀▀▀▀▀▀ ▀  ▀   ▀  ▀  ▀ ▀   ▀  ▀  ▀  ▀▀ ▀  ▀ ▀▀▀     
                                                                                                     
                                                                                                     
QR code for cards batch 4 (cards 37 - 48):
                                                                                                     
                                                                                                     
    █▀▀▀▀▀█  █ ▀▀▄▄▄▀▄▄▄ ▀█▀▄▀▄ ▀█▄█▄ ▄█ █▄▄▀▀▀ ▄▄▄▀ ▄▄▀ ▀▄▄█▄▄▄ ▄ ▀█ ▄ ▄▀  ▀▄ █▄▄▄▀█▄ █▄ █▀▀▀▀▀█    
    █ ███ █ █  ▀ ▄ ▄▄▀█▄█  ██  ▄▀▀▄▄ ▀▄ ▄   ▀ ▄▄ ▄ ▄▄▄▄▄▀▀ ▄▀█▄▄▀  ▄ ▄▄▀▄▀▀▀▀ ▀▄█  ▀▄█ ▄▀ █ ███ █    
    █ ▀▀▀ █ ███▄ ▀▀█ █▄  ▀▀▄▀  ██▀▀▀█ █▄▀▀▄ █ ▀ ▄█▄█▄▄▄▄▄ ▀██▀▀▀█ ▄▄▄▄▄▀▄▀  ▄▄ ▄▀▄█▀▀▀▀█  █ ▀▀▀ █    
    ▀▀▀▀▀▀▀ █▄▀▄▀▄█ █ ▀▄█ ▀▄▀▄▀ █ ▀ █▄█▄█ ▀ ▀▄▀ █▄▀▄▀ ▀▄█▄▀ █ ▀ █ ▀ █ ▀▄▀▄█▄█ █ ▀ █▄█▄▀▄▀ ▀▀▀▀▀▀▀    
    ▀ ██▀█▀ ▄▄▄ ▀▀▄▀▄▄█▄▄▀▄▀█ ▄▄█▀██▀█ ▀   ▀ ▄   ▀▀ ▀▀▀█  ▄ █▀▀▀█  █▀▀▄▄▄█  ▀▀▄██  ▄██ ▀█▄▀████▄▄    
    ▀ █▀▄▄▀█▀  █ ██ ▄▄██▄█▀ ▄ █▄ █▀▀ ▀█▀▄▀█▀▄ █▀▄▀▀▄▀▀███ ▄ ▄▀▀ █ ▀▀█▀▀▄▀▄▄▄█▀▀▀█▀▄▄▀█▀▀▀ ▄█▀▀▄▄     
    ▄█▀▀█ ▀ ▀▀█▀█▀  ▀▄   ▀▄▄ ▄█ █▄▄  █   ▀  ▄▄█▀▄█  ▀  ▀▄ ▄▀█▀▄▀▄▀ █▀▀▀  ▄█ █  ██ █ ▀▄ ▀█  ▀ ▀▄▄▄    
    ▄▄ █▀█▀ ▄█▄   ▄ ▄█▀▄█▄█▄▄  ▄▀▄  █▀▄█▄▀▀█▄█▀▄▄ █▄▀ ▀  █▄▀▄▀  ▀▀▀█▄▀▀▄▀ ▄▄█▀▄▀▀██▄▀▄▄█▀▀▄▄▀▀▄▄     
    ▄█▄▀▀ ▀▀▄▄█▄ █ ▄▀ ▀█▄▀▄█▀█   ▄ ▄▀▄██▀▀ █▄█▄▀  ▀ ▀█ ▀ █▄ ▄▀▄ ▀▀▄ ▄▀█ ▄ ▀ █ ▀▀ ▀▄▄█▄ ▀█▄█▄▀▀ ▄▄    
    ▀ ▀█  ▀▄█▀▄█▀▀ ▄  ▀▄▄▀▀ █▄██ █▄ ▀██ ▀█▀ █▀▄█▄ █▄▀ ▀█▄ ▀ ▄▀  ▀█  ▀█▄▄██▀▄ ▀▄▀▀█▄▄▀ ▄▀▀▀ ▄▀ ▄█     
    ▀  ▀ █▀██▄▄▄██  ▀  ▄  █ █ █▄  █▄██▀█▀█▀▄ ██ ▄█▀ █▄▀█ ▀█▀█▀█▀█▀▀█▀ ▄ ▀█  ▄ ▀▀ ▀▄▄▀█▄▀▀▄█▄▀▀▄ ▄    
     ▀  ██▀█▀▀     ▀▀ ▄▄▀▀▄██▄▀▀▄▀█▀ █ ▀█ ▄▀▄▀ ▄██▀ ▀ ▀▄▄ ▀  █  █▀▀ █▀ ▄ ▄▄▄▀▀▄█▄▀▄▄▀▄▀▀ ▀ █▀▄█ ▄    
    ▄▀    ▀ █     ▀▄▄▄  ▀▀▀▀▀▀█▄  ▄▄    ▀▀  ▄▀█▄▄▄ ██  ▀▄▀██▄▀█▀▄▀ █▀  ▄██  █▀▀ ▄ █▄█▄ ▀█ ▄▀█ ▀▀█    
    ▀ ███ ▀  ▄ ▀█▀ ▀  ▄▀ ▄ ▄▀ ▀█▄▄ █▀▀ ▄▄▄▄▄▀▀▄█▄ ▄  ▄█▄▄▄██ █  █▀▀▀▀▀▄██ ▄▄█▀▄▄▄▀▀▄▄ ▀ ▀▀▄▀  ▄█▄    
    ▀█▀▀█▀▀▀█▀ █ ▄  ▄ ▄▀ ▀▀▄▀ ▀██▀▀▀█▄▄▀▄█▀▄  █▄▄ ▀█▀▀▀▄▄██▀█▀▀▀█  █▀▀▀ ▀█▄▄▀▀ ▀█▀▀▄ ▄▀██▀▀▀██ ▀     
     ▀█▄█ ▀ █▀█▄▀▀▄█ ▀▄▄█▄▄▀    █ ▀ █▄█▄ ▀▀█▄▀▄█▄▀▀▀█ ▀▄█ ▄▄█ ▀ █▀▄▀██ ▄▄▀ █▄▀▄▀▄▀▀▄▀▄ ▄█ ▀ ███▄     
     █▄ █▀▀██▀█▀█▀██ █ ▀ ▄▄█▀ █▀▀▀███▀▀ ▄▄▀█  █    ▀   ▀ ▄▄▀▀█▀▀▀▀ █▀▀▄▄ ▄█ ▄ ▄▀  █ ▀▄  █▀▀▀▀▀▄ ▀    
    ▄   █▀▀ ▀ ▀  █▄▄  ▄█▀ ▀█▄ █▄ ▄▄ ▀▀█▀▄ ▀ █▀▄ ▄▀▀▀  ▀ ▄ ▄▀  ▄▄▄▀▀▀▄▀█▄▄▄▀█▄ ▄▀▀▀▀▄▄▄▀█▄▀▀ ██▄▀▄    
    ▀   ▄█▀▄  ██ ▀▄ ▄ ▄ ███▀▀▀█▄▄ ▄█ ▀▄▀ ▄▀▀▄▀██▄█ ▄▀▄  ▄ █▀ ▄▀█▀  █ ▀█▄ █▀ ▄ █▀▀▀   ▄ ▀█▀▀▀▄▄ ▄▄    
    ▀█ ▄▀▀▀█ ▀ ▄█▀▀▀██▀▄▄▀ ▄▄ ▀▀▄▄█  ██▀  ▀█▄▀▄ ▄▄▀▀ ▄█▄▄ ▄ ▀▄▀ █▀▄▀▀█▄▄▄  ▀▄▀▄▀▄ ▄▄▄ ▀ ▄▀▀█▄▀▄▀▄    
    ▀█ ▀▄█▀▄▀███▄ ▄▀▀▄▀  ▄▀█▄▀▄ ▀▀▀█▄█▀██▄ ▄▄▄▄▀ █▀▀▀▄█ ▄ █▀ ▄▄▄█ ▄█▄▀▀▄▄█  ▄▀▀▀  █  █▄█ ██ ▄▀ ▀█    
     ▄▀███▀██▄██▀▀▀▄▄▄  █▀▄▀▀▄█▄ ▄▄   █  █ ▀▄ ▄▀█▄▀█   █▄█▄██ ▀▄▀ ▄▀█▄▄█▀▀▀▄▄▀▄▀▀▀▀▄▀▄▄██   ▄ ▄█▄    
    █▄▀ ██▀▀▄  ▀█  ▄ ▄  ▀ ▄▄ █▄▀▄▄▀█▀▄▄███▀█▄██  ▄▀ █   ▄ █▀▄▄▀▀▀▀ ██ ▀ ▀█  ▀▀ █▀▀▀ ▄█  ▀ ▀▀▄█ ▀     
    ▀▀▄ █▄▀█▄██▄▀▀▀█    ▄▀█▀███ █ █▄▀▄   ▄█▀▄▀▄█ ▄▀▄▀ ▀▀▄ ▄▀▄▄▀ █▀▀▀ █▀▄▀█▀▄▄▀▀▄▄█▀▄▄▄▄▄▄▀▀▀▄▄▄▄     
    ▄▄▄▄▀█▀ █▀█ █▀▄ ▄█▀ ▄▄█▄█▄▀ ▀ █ █ ▄▄█▄█▀ ▄█▄ ▄▀█▀  ▀  █▀ █▀▀ ▀ █▄▀▀  █  ▄  ▀▀▀▀▄▀▄▄▄ ███▄ ▄ █    
    █▄ █▄█▀ █ ▄▀ ██▀ ▄  ██▄▄▀▀███ ▀█ ▄     █▄▄▀▄▄ ██▀ ▀▀▄▀▄▀  ▄ █▀▀▀  ▄▄▀ ▀█▄ █  ▀█▄█▄▄▄██▀▀▄ █      
    ▀▄ ▀▄█▀ ▄ ▄█▄ ▀▀▀▀▄▄ █   ▀▄██▄  ▄ ███▄▀█ █▄  █ ██  ▀ ██▀▄ ▀▄ ▀▄██ █  ▄▄ █▀ ▀▄ █  █▄█▄█▀█▄▀▄▀     
    ▀█  ▀█▀ █  ▀  ██▄█▀▄▀█▀█▀█▀▄▄ █ ▀▀▀▀▀ ▀▄▄█▄▀▄▀▀ ██▀▀▄▀▄█▀▀▀▄ █▄▀▄█▀ ▄█▀▄▄▀▀  ▀▀█▀▄▄▄██▀▀▄▄▄▄     
    ██ ██▀▀▀█ ▀█▄▄▄  ▀█▄ ▄███ █▄█▀▀▀█▀▄ █▄▀  ██▀   ▀█▀▀▀▄▀█▀█▀▀▀█ ▄█▄█▄█▄█▄ ▄ ▀▀▄ █ ▄▄▄██▀▀▀█ ▄▄█    
     ▀▀██ ▀ █▄ ▀▀█▄▀█▄▀▀▄▀▀▄█▄ ▄█ ▀ █▄██ ▄█▄█▀▄▀▄▄▀▄▀▀▀▀▄▀█▄█ ▀ █▄ ▄▄▄▄█▀▄▄█▄▀▄▄▄▀▀▄▀ ▄▀█ ▀ █ █▄▄    
      ▀ ▀█▀▀██▄█▀▄█▀▀▄ ▀█▀█▀▀  ███▀█▀██▄█▄▀▄  █  ▀ █▀▀▀█  ███▀█▀▀  ▀█▀▀▄ ▄  █ ▀█  █ ▄█▄▄████▀▀▄▄▄    
      ▀▀█▀▀▀▄▀▄▄ ▄ ▀ █▀▄▄▄█    █▀▄▀▄▄█▀▄▀▄▀▄  ▄▄▄▀ ▀▄▀▀▀▄▀▄▀ ▀▄▀ ▀▀▀▄▄▄▄▀▄▀▄▀▀▄ ▄ ▄▄█▀ ▄▄▄▄▄ ▄█      
     ██ ▀▄▀█ ▀ ▄▀ ▀▄▀█▀▄▀▀██▄▀▀█▀▄█▀▀▄█▄▀ ▀▄█▀██   █▀▀▀▀▄ █▀  ▄   █▀▀▀▀  █▄▄█ ▄█▄ ▀ ▀█ ▄▀▄▄▄▀ ▄█▄    
    █▄█▄██▀▀   ▄██▄ ▄█▄█▀█ █ ▄ ▀▄▄██▄ █▄▀▀▀ ▀▀█▄▄▀▀▀███▀▄█▄▄ ▀▄▀██▀▀▄ ▄▄▀▄▄▄█▀█▀▄▀ ▄▀▄▀▄ ▄▄▀  █      
    █▀█▄  ▀ ██  ▀▀ ▀▄  ▄▀▄ █▀▀▀▀▄▀▄▄▄▀▄▄█  ▄ █▄█▄█▀█▀█ ▀▄▀▄▀██ █▀▀▀▀▀▀▀ ██ ▄█ ▄█  █▄ ▄▄ ▀▄▄█▀█▄▄▄    
    ▀▄█▀ ▀▀▄ █▄▄  █▄ █▀█▀  ▄█▄ ▄▄█ ▄███▄ ▀▀███▄█▄█▀█▀▄▄█ ▀▄ ▀▀ ▀█▀ █▀█▀▄▀▄▄▄█▀▄ ▀███▀▄▄▄   ▀ █▄      
    ▀█▄▄▀▄▀▄  ▄▄██▀▄▀ ▄█▄  █ ▄ ▄▄▀▄ ▄▀█▄█  ▄▄▀▄█▄▀▀ █ ▀▄█ ▄██▀▀ ▄  █▀ ▀  █▄ ▄  ▀ ▀  ▄▄▄ █▀ ▄▀ █ ▄    
    ▄▀█▀█ ▀ █▄▀▀█ █▀█ █ ▀  █▄▀▀ ▀█ ▀ █▀ ▄▀▀▀▄ ▄  ▄▀▄▀▄▀▄█▀ █▀▀▀▀██ ▀▀▀▄▄▄█▄▄▀▀▄▀▀██▄▀▄▄ ▄  ▄▀▀██▄    
    █▀ █  ▀ ▄▄  ▀ ▀▀▄▀▄█▄▄▀▀███ ▄▀▄▀█▄▀█▀ ▀ ▄▄▄▄ █ ▄██ ▄▄ ▄▀  █ ▄▀██   ▄▀█▄  ▀█▀ ▀ ▄▀▄█▀▀ ▄▀▀█  ▄    
     ██▀█ ▀█ █▄█ ▀ █▄▀ █▀▀▀ ▀█ ▄▄ ███▀ ▄▄▀██▄ ▄▄█ █▄█ █▀▄▀  ▀▀█▀█▀ ▀▄▀▄▄▄▄▄▄ ▀▄█ ▀█▄▀ ▀▄ ▀█  █▄▄▄    
    █▀▄▀▄▀▀▀▄▄▀▄█  ▀▀  ▄ █ ▄▄█▄▄█ █▀█▄▀▄█ ▀▄  █  ▀█▀█▄ █  ▄███▄ ▄ ▀▀▀ ▀▄▄█▄▄▄  █▀   ▄▄█▄▄▀▄▄▀▀▄██    
    ▄▄ ▄█▄▀▀█▄▀▀▄█ ▄▀▀▄█▀  ▄ █▄▀▄▀▀▄▄   ▀█▀██▀▄█▄▀▄▄▄▄▄▄▄█▄▀▀▀█▄▄▀ ▀▀▀ █▄ ▄▄▀▀▄ ▀▀▀▄▀▄█ ▀▄▄▄ ▀██▄    
     ▀▀   ▀▀▄█▀██ ██▄▀▀██▄▄▀ ▀▄ █▀▀▀█▀▀███▀▀  ▄   ▀▀█ ▀▄ ██ █▀▀▀█▀▀█  ▄ █▄ ▄ ▀▄▀▀ █▄ █ ▄█▀▀▀█▀ ▀█    
    █▀▀▀▀▀█ ▄   ▄█▀▄▄█▄  ▄  ██▄▄█ ▀ █ █▄▀▄███▀▄█▄▀█▄▄ █▀▄  ▀█ ▀ █▀▄▀▄▀▄▄█ ▄█▄█▄▀▀▀▀▄▀▄▄▀█ ▀ █▀█▄▄    
    █ ███ █ █ ▄▄▄▄▀▄▄▄▀ ▀▄█▄   ▀█▀▀██▀ ▀█▄▀   ▄  ▀ ▄█▄ █ ██▄████▀ ▀▀▀ █▄█▄█ ██▀▀ ▀█  █▀ ▀█▀▀█▄  ▀    
    █ ▀▀▀ █ ▀█▀▄▄▀▄▄ ▀▄█▀▄ █▀▀▀██  ▄▀▀ ▄▀▄▀ ▄▀▄ ▀██ ▀▄▄▄    █▄▄█▄▀ ▀ ▀▀ ▄▄▀▄▄ ▀▀▀▀▀▄ ▄  ▀ ▀▀ █▄      
    ▀▀▀▀▀▀▀ ▀▀▀▀▀  ▀  ▀▀   ▀▀ ▀ ▀ ▀▀   ▀▀▀ ▀ ▀ ▀  ▀▀▀ ▀   ▀▀▀ ▀    ▀     ▀  ▀  ▀ ▀▀  ▀▀▀▀▀▀▀   ▀     
                                                                                                     
                                                                                                     
QR code for cards batch 5 (cards 49 - 54):
                                                                         
                                                                         
    █▀▀▀▀▀█  ▄██▀    ▄██ █▄  ▀▀█▄▄▀▄ ▄▄█▄ ▄▀ ▀█ ▄▀▄ █▀▄█ █ ▀▄ █▀▀▀▀▀█    
    █ ███ █ █ ▀▀ ██▄▄▀▄██▀▀██▀ ▀▄ ▄   █▀▄ ▄█ █▀▄ ▀▀▄▄ ▄█▀ █▄▀ █ ███ █    
    █ ▀▀▀ █ █ █  ▄▀█ ▄▀▀▄▀ ▀ ▀ █  █▀▀▀█▀▄▀▄▄▄▄▀  ▀▄▄ ▄▄▄▀█▄ ▀ █ ▀▀▀ █    
    ▀▀▀▀▀▀▀ █▄▀▄█ ▀ █ █ █ ▀ ▀ █▄▀▄█ ▀ █▄▀ ▀ █▄█▄█▄▀ ▀ █▄█ █ ▀ ▀▀▀▀▀▀▀    
    ▀▄██▀█▀▄ █ ▀▀█▄▄  █ ▄▀ ▀██▄█▀▀██▀█▀ ▀▀▀▀▄ █▄▄▄▀ ▀▀   ▄█▄▀▄▀▀█▀▀ ▄    
     ▀▀ ▄ ▀ █▄▀▀▄██▄█ ██▀ ▄█▀ ▄█  ▄▄██▀ ▀▀██▄▀▄▄▄▄██ ▄ ▀▄ █▀▀▄▀ ▀█▀      
     ▀█   ▀  █▀███  ▀▄█ █▀▀ ▄▀▄▀ ▀▄▄▄█ ▀█▀▀ ▄▄█▄    █  ▀▄ █ ▀▄▀ █ █▄▄    
     █ ▄██▀▄▀▀█▄▀▀▀ ▀▀█▄▄█▄ ▀  █ ▄▄▄▄▄▀ ▀ ██▄ █▄▄▀█▀▀ ▀ ▄▄▄██▄██▀▀ █     
     ▄▀███▀▄▄█▀ ▀ ▄▄▀▄▀  ██▄ ▄▄▄▀ ▄  ▄▀ █▄  ▄▀█▄ ▄▀▀▀▄▀  ▀█▄▀  █▀▀█ █    
    ▄ █▀▀█▀  ▀█▄ ▀▄█▄ ▄██▄▀▀▀██ ▀ █ ▄ ██▀ ▀█▄ ▄▀▄█▀▀  ▀█▄▀▄▄██▀█▀▀ ▀▄    
    █  █▀▄▀▄ ▄  █▄ ▄█▀▄▄█  ▀ █▄ ▀▀  ▄  ▄██  ▄ █  █ ██     ▄▄ █ ▄█▀▀█▄    
    ▄  ▀▀▀▀▀▀ █ ▀█▀█▀▀▄█ █ ▄█ ▀▄ ▀███▀█▄▀█▀ ▄▀▄█▄▄█▄▀██▄▄█▄█▀▄▀▄▀▄▀▄     
       ▀▀ ▀ ▄ ▀▄▄▀▄█ ▀█▀██ ▀▄█ ▀ █▄█ ▀▀▄█  █▄▀▄▄▄▄ ▄▀▄ █ ▀█▀▀█ ▄█▄█▀▄    
    ▄█ ▀ ▄▀ ▄▀▄█ ▄▀▀  ▄██▀▀█▀▄▄█▄ █  █▀  ▀█▀▄█ ▄▄▀▄▄▀ ▀ █▄   ▄▀  ▄▀▄▄    
    ██▀██▄▀ █▄█ ▀  ▄▀ ▀█▄▀█▀ ▄▄▀▄█ █▄▄▀▀▀ ▀  █▄   ▀ █  █  ▄ ▀▄▀ ▀ ▀▀     
     █▄ █▀▀▀█▀█▀ █▀▀ █  ▄▀▄ █▄▄▀█▀█▀▀▀█▀ ▀▀█▄▀▄ ▄ ▀ ▀▄██▄ ▄ █▀▀▀█▀▀▀     
    ██▄▄█ ▀ █ █  ▄▄█▄ ██▀█▄▄█▄▄▄▀██ ▀ ███▄ ▄ ▄▄  ▄  ▀▄▀█ ██ █ ▀ █▀█▀▄    
    ▀▀▀ █▀▀██ ██ ▄█ ▄ █▄▄█▀ █▀██ ▄██▀▀█▄▀▄ ▄█   ▄▄▀▀  ▀ ▄█▄▄▀▀██▀▀ █     
    ▄▄▀▀█▀▀▄▄▀ ▀██▀█▄ ▀▀ ▄ ▀█▀▀▄▀ ▀▀▀ ▄▄▀  █ █▄▄ █ █▀▀▀▀  █▄██▄▄▄  █     
    ▀▄▄█ ▀▀█▄▀ ▄█▄▄▄▀▀█ ▄▄ ▀ ▀▄▄ ██  ▄ ▄▀ ▀ █▄█▄█ ▀ ▀▀█▄▄█ ▄▀▄▄█▄▄▀ ▄    
     ▀█▀▀▄▀▀  ▄▄▀▄█▀█▄█▄▀   ▄▄▄█▀▀▀▀▀▄▀ █ ▀█▄▀▄▄  ▀█▀ ▀▄▄█▄▄ █ ▀▄ ▀██    
    ███▀▀█▀▄▄▄▀▄    ▀▄██   █▀▄ █▀ ▄  ▄▄ ▀▀██ ▀ ▄▄▀▄█ ██ ▄▀  ▄▄▄▀▄█ ▄     
    ▄   ▄▀▀  ▄█▄█ ███   ▄    ▄ █▀▀▀ ▀▄█ █▀  ▄▄█  ▀ ▄▀█ █ ▄█▄▀  ▀▄▀▀█▄    
    █ ▀▄ ▀▀▀█▀▄██  █ ▀▀ ▄  ▄  █▀ ▀▀█ █▄█▀▄▄▀▀ ▄▄▄▀█ ▀█▀▄▄▀▀█▄▀▄▀█   ▄    
    ▄▄█▀▀▄▀▀▄█ ▀▄▄ █▄█▄▀  █▄▄▀▀▄▀  ▀▀▀ ▀▀█▀▄  █  █▀▀█   ▄█▄▄▄ ▄▄▄▀▀ ▄    
    ███▀█▀▀▄ ▀▄▀▄▄ █▄▄▀█▀▄ ███▄▀ ▀▄ ▀▀▄▄▀▀▀▀█▄▄ ▄██ ▀ ▀█▄ ██▄▄  ▄▀ █▄    
    ▀▄ ▄█ ▀ █▀█  ▄  █▄▀▄█▀ ▀▄▀▀▀▀  ▀▀▀▄ ▀▄▀  ▀██ ▄ ▀█ ▀▄▄▀▄ ▀▄█▄▄███▄    
    ▄ ▀█ ▀▀▀ ▄▄▄█ ▀▄▄█▄▀▀ ▄▀█ █▄▀▀▀█ ▀▄▄ ▄▀▀▄█▄█▄▄██▀▀▀█▄▀▄█▀▄▄███▀█     
     ▀▀ ▀ ▀ ▄▄▀█ █▄▄▀██▄▄█▄█▄▄▄█▀ █▀▀▀█ █▀▀█ █▄ ▄█▀▄██▀ ▄▄█▄█▀▀▀███ ▄    
    █▀▀▀▀▀█ ▄▄▀ ▀█ ▀ ▀█▄ ▀▀  ▀██  █ ▀ █ ▀▀▀█▄▄█▄▄ ▀▄▀ █ ▄ █▀█ ▀ █▀▀      
    █ ███ █ █▀█   ▄▀▀▄▄▀▄ ▄  ▄█▄ ▄▀▀█▀▀▀█▀  ▄█▄▄  ▀▄█▄ ▀▄ █▄█▀▀█▀ ▀▄     
    █ ▀▀▀ █ ▀▀ ██▀ ▄▀   ▄▄█ ▀▀█▄ █▀▄▄   ▀█▀█▄ ▄ ▄ ▀ ▀█▄▄▄▀▄▄ ▄  ▀  █     
    ▀▀▀▀▀▀▀ ▀    ▀▀  ▀▀▀▀ ▀  ▀▀ ▀ ▀▀▀▀▀▀▀▀   ▀▀  ▀  ▀▀▀       ▀  ▀▀      
                                                                         
                                                                         
